{
  "timestamp": "2026-01-17T14:32:20.864-05:00",
  "level": "INFO",
  "message": "Application started",
  "context": {
    "logger": "root"
  }
}
{
  "timestamp": "2026-01-17T14:32:20.880-05:00",
  "level": "INFO",
  "message": "Server initialization complete",
  "context": {
    "server": "web-01",
    "environment": "production",
    "version": "1.2.3",
    "logger": "root"
  }
}
{
  "timestamp": "2026-01-17T14:32:20.886-05:00",
  "level": "INFO",
  "message": "This log entry is from yesterday",
  "context": {
    "server": "web-01",
    "environment": "production",
    "version": "1.2.3",
    "date": "2026-01-16T14:32:20.880855",
    "status": "historical",
    "logger": "root"
  }
}
{
  "timestamp": "2026-01-17T14:32:20.887-05:00",
  "level": "DEBUG",
  "message": "Debug message for troubleshooting",
  "context": {
    "server": "web-01",
    "environment": "production",
    "version": "1.2.3",
    "date": "2026-01-16T14:32:20.880855",
    "status": "historical",
    "logger": "root"
  }
}
{
  "timestamp": "2026-01-17T14:32:20.887-05:00",
  "level": "WARNING",
  "message": "System resources running low",
  "context": {
    "server": "web-01",
    "environment": "production",
    "version": "1.2.3",
    "date": "2026-01-16T14:32:20.880855",
    "status": "historical",
    "logger": "root"
  }
}
{
  "timestamp": "2026-01-17T14:32:20.888-05:00",
  "level": "ERROR",
  "message": "Failed to process request",
  "context": {
    "server": "web-01",
    "environment": "production",
    "version": "1.2.3",
    "date": "2026-01-16T14:32:20.880855",
    "status": "historical",
    "request_id": "123",
    "endpoint": "/api/users",
    "logger": "root"
  }
}
{
  "timestamp": "2026-01-17T14:32:20.891-05:00",
  "level": "INFO",
  "message": "{event: backup_completed, duration: 125.45, files_processed: 1250, total_size: 2.5GB, timestamp: 2026-01-17T14:32:20.888767}",
  "context": {
    "server": "web-01",
    "environment": "production",
    "version": "1.2.3",
    "date": "2026-01-16T14:32:20.880855",
    "status": "historical",
    "logger": "root"
  }
}
{
  "timestamp": "2026-01-17T14:32:28.392-05:00",
  "level": "INFO",
  "message": "Application started",
  "context": {
    "logger": "root"
  }
}
{
  "timestamp": "2026-01-17T14:32:28.417-05:00",
  "level": "INFO",
  "message": "Server initialization complete",
  "context": {
    "server": "web-01",
    "environment": "production",
    "version": "1.2.3",
    "logger": "root"
  }
}
{
  "timestamp": "2026-01-17T14:32:28.420-05:00",
  "level": "INFO",
  "message": "This log entry is from yesterday",
  "context": {
    "server": "web-01",
    "environment": "production",
    "version": "1.2.3",
    "date": "2026-01-16T14:32:28.417467",
    "status": "historical",
    "logger": "root"
  }
}
{
  "timestamp": "2026-01-17T14:32:28.421-05:00",
  "level": "DEBUG",
  "message": "Debug message for troubleshooting",
  "context": {
    "server": "web-01",
    "environment": "production",
    "version": "1.2.3",
    "date": "2026-01-16T14:32:28.417467",
    "status": "historical",
    "logger": "root"
  }
}
{
  "timestamp": "2026-01-17T14:32:28.422-05:00",
  "level": "WARNING",
  "message": "System resources running low",
  "context": {
    "server": "web-01",
    "environment": "production",
    "version": "1.2.3",
    "date": "2026-01-16T14:32:28.417467",
    "status": "historical",
    "logger": "root"
  }
}
{
  "timestamp": "2026-01-17T14:32:28.423-05:00",
  "level": "ERROR",
  "message": "Failed to process request",
  "context": {
    "server": "web-01",
    "environment": "production",
    "version": "1.2.3",
    "date": "2026-01-16T14:32:28.417467",
    "status": "historical",
    "request_id": "123",
    "endpoint": "/api/users",
    "logger": "root"
  }
}
{
  "timestamp": "2026-01-17T14:32:28.428-05:00",
  "level": "INFO",
  "message": "{event: backup_completed, duration: 125.45, files_processed: 1250, total_size: 2.5GB, timestamp: 2026-01-17T14:32:28.424052}",
  "context": {
    "server": "web-01",
    "environment": "production",
    "version": "1.2.3",
    "date": "2026-01-16T14:32:28.417467",
    "status": "historical",
    "logger": "root"
  }
}
